Dec 23 2025 06:36:12
{"Number":2,"Message":"Cannot use bool as array","File":"\/Users\/th25\/projects\/wp-new\/wp-content\/plugins\/all-in-one-wp-migration\/lib\/model\/export\/class-ai1wm-export-content.php","Line":104}

Dec 23 2025 06:36:12
{"Number":2,"Message":"Cannot use bool as array","File":"\/Users\/th25\/projects\/wp-new\/wp-content\/plugins\/all-in-one-wp-migration\/lib\/model\/export\/class-ai1wm-export-content.php","Line":104}

Dec 23 2025 06:36:12
{"Number":2,"Message":"Cannot use bool as array","File":"\/Users\/th25\/projects\/wp-new\/wp-content\/plugins\/all-in-one-wp-migration\/lib\/model\/export\/class-ai1wm-export-content.php","Line":104}

Dec 23 2025 06:36:12
{"Number":2,"Message":"Cannot use bool as array","File":"\/Users\/th25\/projects\/wp-new\/wp-content\/plugins\/all-in-one-wp-migration\/lib\/model\/export\/class-ai1wm-export-content.php","Line":104}

Dec 23 2025 06:36:12
{"Number":2,"Message":"Cannot use bool as array","File":"\/Users\/th25\/projects\/wp-new\/wp-content\/plugins\/all-in-one-wp-migration\/lib\/model\/export\/class-ai1wm-export-media.php","Line":104}

Dec 23 2025 06:36:12
{"Number":2,"Message":"Cannot use bool as array","File":"\/Users\/th25\/projects\/wp-new\/wp-content\/plugins\/all-in-one-wp-migration\/lib\/model\/export\/class-ai1wm-export-media.php","Line":104}

Dec 23 2025 06:36:12
{"Number":2,"Message":"Cannot use bool as array","File":"\/Users\/th25\/projects\/wp-new\/wp-content\/plugins\/all-in-one-wp-migration\/lib\/model\/export\/class-ai1wm-export-media.php","Line":104}

Dec 23 2025 06:36:12
{"Number":2,"Message":"Cannot use bool as array","File":"\/Users\/th25\/projects\/wp-new\/wp-content\/plugins\/all-in-one-wp-migration\/lib\/model\/export\/class-ai1wm-export-media.php","Line":104}

Dec 23 2025 06:36:12
{"Number":2,"Message":"Cannot use bool as array","File":"\/Users\/th25\/projects\/wp-new\/wp-content\/plugins\/all-in-one-wp-migration\/lib\/model\/export\/class-ai1wm-export-plugins.php","Line":104}

Dec 23 2025 06:36:12
{"Number":2,"Message":"Cannot use bool as array","File":"\/Users\/th25\/projects\/wp-new\/wp-content\/plugins\/all-in-one-wp-migration\/lib\/model\/export\/class-ai1wm-export-plugins.php","Line":104}

Dec 23 2025 06:36:12
{"Number":2,"Message":"Cannot use bool as array","File":"\/Users\/th25\/projects\/wp-new\/wp-content\/plugins\/all-in-one-wp-migration\/lib\/model\/export\/class-ai1wm-export-plugins.php","Line":104}

Dec 23 2025 06:36:12
{"Number":2,"Message":"Cannot use bool as array","File":"\/Users\/th25\/projects\/wp-new\/wp-content\/plugins\/all-in-one-wp-migration\/lib\/model\/export\/class-ai1wm-export-plugins.php","Line":104}

Dec 23 2025 06:36:13
{"Number":2,"Message":"Cannot use bool as array","File":"\/Users\/th25\/projects\/wp-new\/wp-content\/plugins\/all-in-one-wp-migration\/lib\/model\/export\/class-ai1wm-export-themes.php","Line":104}

Dec 23 2025 06:36:13
{"Number":2,"Message":"Cannot use bool as array","File":"\/Users\/th25\/projects\/wp-new\/wp-content\/plugins\/all-in-one-wp-migration\/lib\/model\/export\/class-ai1wm-export-themes.php","Line":104}

Dec 23 2025 06:36:13
{"Number":2,"Message":"Cannot use bool as array","File":"\/Users\/th25\/projects\/wp-new\/wp-content\/plugins\/all-in-one-wp-migration\/lib\/model\/export\/class-ai1wm-export-themes.php","Line":104}

Dec 23 2025 06:36:13
{"Number":2,"Message":"Cannot use bool as array","File":"\/Users\/th25\/projects\/wp-new\/wp-content\/plugins\/all-in-one-wp-migration\/lib\/model\/export\/class-ai1wm-export-themes.php","Line":104}

Dec 23 2025 06:36:13
{"Number":2,"Message":"Cannot use bool as array","File":"\/Users\/th25\/projects\/wp-new\/wp-content\/plugins\/all-in-one-wp-migration\/lib\/model\/export\/class-ai1wm-export-database.php","Line":87}

